******************************************************************************
                  MSP430 Linker PC v4.3.0                      
******************************************************************************
>> Linked Mon May 26 21:00:23 2014

OUTPUT FILE NAME:   <proj1_ software_serial_relay_stereo_revE_irReceiver_gun.out>
ENTRY POINT SYMBOL: "_c_int00"  address: 0000c57c


MEMORY CONFIGURATION

         name            origin    length      used     unused   attr    fill
----------------------  --------  ---------  --------  --------  ----  --------
  SFR                   00000000   00000010  00000000  00000010  RWIX
  PERIPHERALS_8BIT      00000010   000000f0  00000000  000000f0  RWIX
  PERIPHERALS_16BIT     00000100   00000100  00000000  00000100  RWIX
  RAM                   00000200   00000200  00000116  000000ea  RWIX
  INFOD                 00001000   00000040  00000000  00000040  RWIX
  INFOC                 00001040   00000040  00000000  00000040  RWIX
  INFOB                 00001080   00000040  00000000  00000040  RWIX
  INFOA                 000010c0   00000040  00000000  00000040  RWIX
  FLASH                 0000c000   00003fe0  0000066c  00003974  RWIX
  INT00                 0000ffe0   00000002  00000000  00000002  RWIX
  INT01                 0000ffe2   00000002  00000000  00000002  RWIX
  INT02                 0000ffe4   00000002  00000002  00000000  RWIX
  INT03                 0000ffe6   00000002  00000002  00000000  RWIX
  INT04                 0000ffe8   00000002  00000000  00000002  RWIX
  INT05                 0000ffea   00000002  00000002  00000000  RWIX
  INT06                 0000ffec   00000002  00000002  00000000  RWIX
  INT07                 0000ffee   00000002  00000002  00000000  RWIX
  INT08                 0000fff0   00000002  00000002  00000000  RWIX
  INT09                 0000fff2   00000002  00000002  00000000  RWIX
  INT10                 0000fff4   00000002  00000002  00000000  RWIX
  INT11                 0000fff6   00000002  00000002  00000000  RWIX
  INT12                 0000fff8   00000002  00000002  00000000  RWIX
  INT13                 0000fffa   00000002  00000002  00000000  RWIX
  INT14                 0000fffc   00000002  00000002  00000000  RWIX
  RESET                 0000fffe   00000002  00000002  00000000  RWIX


SECTION ALLOCATION MAP

 output                                  attributes/
section   page    origin      length       input sections
--------  ----  ----------  ----------   ----------------
.init_array 
*          0    0000c000    00000000     UNINITIALIZED

.bss       0    00000200    0000007b     UNINITIALIZED
                  00000200    00000028     (.common:switchBuff1)
                  00000228    00000028     (.common:switchBuff2)
                  00000250    00000028     (.common:switchBuff3)
                  00000278    00000002     (.common:txData)
                  0000027a    00000001     (.common:rxBuffer)

.TI.noinit 
*          0    00000200    00000000     UNINITIALIZED

.data      0    0000027c    0000004b     UNINITIALIZED
                  0000027c    0000004b     main.obj (.data)

.TI.persistent 
*          0    0000027c    00000000     UNINITIALIZED

.stack     0    000003b0    00000050     UNINITIALIZED
                  000003b0    00000002     rts430_eabi.lib : boot.obj (.stack)
                  000003b2    0000004e     --HOLE--

.text      0    0000c000    00000616     
                  0000c000    0000037e     main.obj (.text:main)
                  0000c37e    00000088     main.obj (.text:Port_2)
                  0000c406    0000005e     rts430_eabi.lib : copy_decompress_rle.obj (.text:__TI_decompress_rle_core)
                  0000c464    0000005e                     : autoinit.obj (.text:_auto_init)
                  0000c4c2    00000058     main.obj (.text:Timer_A1_ISR)
                  0000c51a    0000003a     main.obj (.text:Timer_A0_ISR)
                  0000c554    00000028     main.obj (.text:TimerA_UART_tx)
                  0000c57c    0000001a     rts430_eabi.lib : boot.obj (.text:_c_int00_noexit)
                  0000c596    00000014                     : copy_zero_init.obj (.text:decompress:ZI:__TI_zero_init)
                  0000c5aa    00000012     main.obj (.text:Timer1_A0)
                  0000c5bc    00000012     main.obj (.text:TimerA_UART_print)
                  0000c5ce    00000012     rts430_eabi.lib : copy_decompress_none.obj (.text:decompress:none:__TI_decompress_none)
                  0000c5e0    00000012                     : memcpy.obj (.text:memcpy)
                  0000c5f2    00000010                     : epilog.obj (.text)
                  0000c602    00000006                     : isr_trap.obj (.text:__TI_ISR_TRAP)
                  0000c608    00000006                     : copy_decompress_rle.obj (.text:decompress:rle24:__TI_decompress_rle24)
                  0000c60e    00000004                     : pre_init.obj (.text:_system_pre_init)
                  0000c612    00000004                     : exit.obj (.text:abort)

.const     0    0000c616    0000001e     
                  0000c616    0000001e     main.obj (.const:.string)

.cinit     0    0000c634    00000038     
                  0000c634    00000026     (.cinit..data.load) [load image, compression = rle]
                  0000c65a    00000006     (__TI_handler_table)
                  0000c660    00000004     (.cinit..bss.load) [load image, compression = zero_init]
                  0000c664    00000008     (__TI_cinit_table)

PORT1      0    0000ffe4    00000002     
                  0000ffe4    00000002     rts430_eabi.lib : int02.obj (.int02)

PORT2      0    0000ffe6    00000002     
                  0000ffe6    00000002     main.obj (.int03)

ADC10      0    0000ffea    00000002     
                  0000ffea    00000002     rts430_eabi.lib : int05.obj (.int05)

USCIAB0TX 
*          0    0000ffec    00000002     
                  0000ffec    00000002     rts430_eabi.lib : int06.obj (.int06)

USCIAB0RX 
*          0    0000ffee    00000002     
                  0000ffee    00000002     rts430_eabi.lib : int07.obj (.int07)

TIMER0_A1 
*          0    0000fff0    00000002     
                  0000fff0    00000002     main.obj (.int08)

TIMER0_A0 
*          0    0000fff2    00000002     
                  0000fff2    00000002     main.obj (.int09)

WDT        0    0000fff4    00000002     
                  0000fff4    00000002     rts430_eabi.lib : int10.obj (.int10)

COMPARATORA 
*          0    0000fff6    00000002     
                  0000fff6    00000002     rts430_eabi.lib : int11.obj (.int11)

TIMER1_A1 
*          0    0000fff8    00000002     
                  0000fff8    00000002     rts430_eabi.lib : int12.obj (.int12)

TIMER1_A0 
*          0    0000fffa    00000002     
                  0000fffa    00000002     main.obj (.int13)

NMI        0    0000fffc    00000002     
                  0000fffc    00000002     rts430_eabi.lib : int14.obj (.int14)

.reset     0    0000fffe    00000002     
                  0000fffe    00000002     rts430_eabi.lib : boot.obj (.reset)


LINKER GENERATED COPY TABLES

__TI_cinit_table @ 0000c664 records: 2, size/record: 4, table size: 8
	.data: load addr=0000c634, load size=00000026 bytes, run addr=0000027c, run size=0000004b bytes, compression=rle
	.bss: load addr=0000c660, load size=00000004 bytes, run addr=00000200, run size=0000007b bytes, compression=zero_init


LINKER GENERATED HANDLER TABLE

__TI_handler_table @ 0000c65a records: 3, size/record: 2, table size: 6
	index: 0, handler: __TI_zero_init
	index: 1, handler: __TI_decompress_rle24
	index: 2, handler: __TI_decompress_none


GLOBAL SYMBOLS: SORTED ALPHABETICALLY BY Name 

address    name
--------   ----
0000004a   ADC10AE0
000001b0   ADC10CTL0
000001b2   ADC10CTL1
00000048   ADC10DTC0
00000049   ADC10DTC1
000001b4   ADC10MEM
000001bc   ADC10SA
00000057   BCSCTL1
00000058   BCSCTL2
00000053   BCSCTL3
00000282   BlueData
000002aa   Bluenew
0000c612   C$$EXIT
00000059   CACTL1
0000005a   CACTL2
0000005b   CAPD
00000056   DCOCTL
00000128   FCTL1
0000012a   FCTL2
0000012c   FCTL3
00000000   IE1
00000001   IE2
00000002   IFG1
00000003   IFG2
00000022   P1DIR
00000025   P1IE
00000024   P1IES
00000023   P1IFG
00000020   P1IN
00000021   P1OUT
00000027   P1REN
00000026   P1SEL
00000041   P1SEL2
0000002a   P2DIR
0000002d   P2IE
0000002c   P2IES
0000002b   P2IFG
00000028   P2IN
00000029   P2OUT
0000002f   P2REN
0000002e   P2SEL
00000042   P2SEL2
0000001a   P3DIR
00000018   P3IN
00000019   P3OUT
00000010   P3REN
0000001b   P3SEL
00000043   P3SEL2
0000c37e   Port_2
00000172   TA0CCR0
00000174   TA0CCR1
00000176   TA0CCR2
00000162   TA0CCTL0
00000164   TA0CCTL1
00000166   TA0CCTL2
00000160   TA0CTL
0000012e   TA0IV
00000170   TA0R
00000192   TA1CCR0
00000194   TA1CCR1
00000196   TA1CCR2
00000182   TA1CCTL0
00000184   TA1CCTL1
00000186   TA1CCTL2
00000180   TA1CTL
0000011e   TA1IV
00000190   TA1R
000010db   TLV_ADC10_1_LEN
000010da   TLV_ADC10_1_TAG
000010c0   TLV_CHECKSUM
000010f7   TLV_DCO_30_LEN
000010f6   TLV_DCO_30_TAG
0000c5aa   Timer1_A0
0000c5bc   TimerA_UART_print
0000c554   TimerA_UART_tx
0000c51a   Timer_A0_ISR
0000c4c2   Timer_A1_ISR
0000005d   UCA0ABCTL
00000062   UCA0BR0
00000063   UCA0BR1
00000060   UCA0CTL0
00000061   UCA0CTL1
0000005f   UCA0IRRCTL
0000005e   UCA0IRTCTL
00000064   UCA0MCTL
00000066   UCA0RXBUF
00000065   UCA0STAT
00000067   UCA0TXBUF
0000006a   UCB0BR0
0000006b   UCB0BR1
00000068   UCB0CTL0
00000069   UCB0CTL1
0000006c   UCB0I2CIE
00000118   UCB0I2COA
0000011a   UCB0I2CSA
0000006e   UCB0RXBUF
0000006d   UCB0STAT
0000006f   UCB0TXBUF
00000120   WDTCTL
00000400   __STACK_END
00000050   __STACK_SIZE
0000c664   __TI_CINIT_Base
0000c66c   __TI_CINIT_Limit
0000c65a   __TI_Handler_Table_Base
0000c660   __TI_Handler_Table_Limit
UNDEFED    __TI_INITARRAY_Base
UNDEFED    __TI_INITARRAY_Limit
0000c602   __TI_ISR_TRAP
00000001   __TI_args_main
0000c5ce   __TI_decompress_none
0000c608   __TI_decompress_rle24
00000001   __TI_exit
0000ffe4   __TI_int02
0000ffe6   __TI_int03
0000ffea   __TI_int05
0000ffec   __TI_int06
0000ffee   __TI_int07
0000fff0   __TI_int08
0000fff2   __TI_int09
0000fff4   __TI_int10
0000fff6   __TI_int11
0000fff8   __TI_int12
0000fffa   __TI_int13
0000fffc   __TI_int14
0000c596   __TI_zero_init
ffffffff   __binit__
ffffffff   __c_args__
0000c5fe   __mspabi_func_epilog_1
0000c5fc   __mspabi_func_epilog_2
0000c5fa   __mspabi_func_epilog_3
0000c5f8   __mspabi_func_epilog_4
0000c5f6   __mspabi_func_epilog_5
0000c5f4   __mspabi_func_epilog_6
0000c5f2   __mspabi_func_epilog_7
0000c464   _auto_init
0000c57c   _c_int00
0000c57c   _c_int00_noexit
0000fffe   _reset_vector
000003b0   _stack
0000c60e   _system_pre_init
0000c612   abort
ffffffff   binit
00000296   bit
00000298   checksum
00000290   count
0000027c   delayswnum
0000027e   i
00000280   ii
000002ac   led1value
000002ae   led2value
00000292   loopcount
0000c000   main
0000c5e0   memcpy
0000028a   oldswitch1
0000028c   oldswitch2
0000028e   oldswitch3
000002b0   one
0000029c   relayswitchvalue
0000029a   relayvalue
00000294   resetcount
0000027a   rxBuffer
000002a6   switch1countoff
000002a8   switch1counton
000002a2   switch2countoff
000002a4   switch2counton
0000029e   switch3countoff
000002a0   switch3counton
00000200   switchBuff1
00000228   switchBuff2
00000250   switchBuff3
00000284   switchh1
00000286   switchh2
00000288   switchh3
000002b2   two
00000278   txData


GLOBAL SYMBOLS: SORTED BY Symbol Address 

address    name
--------   ----
00000000   IE1
00000001   IE2
00000001   __TI_args_main
00000001   __TI_exit
00000002   IFG1
00000003   IFG2
00000010   P3REN
00000018   P3IN
00000019   P3OUT
0000001a   P3DIR
0000001b   P3SEL
00000020   P1IN
00000021   P1OUT
00000022   P1DIR
00000023   P1IFG
00000024   P1IES
00000025   P1IE
00000026   P1SEL
00000027   P1REN
00000028   P2IN
00000029   P2OUT
0000002a   P2DIR
0000002b   P2IFG
0000002c   P2IES
0000002d   P2IE
0000002e   P2SEL
0000002f   P2REN
00000041   P1SEL2
00000042   P2SEL2
00000043   P3SEL2
00000048   ADC10DTC0
00000049   ADC10DTC1
0000004a   ADC10AE0
00000050   __STACK_SIZE
00000053   BCSCTL3
00000056   DCOCTL
00000057   BCSCTL1
00000058   BCSCTL2
00000059   CACTL1
0000005a   CACTL2
0000005b   CAPD
0000005d   UCA0ABCTL
0000005e   UCA0IRTCTL
0000005f   UCA0IRRCTL
00000060   UCA0CTL0
00000061   UCA0CTL1
00000062   UCA0BR0
00000063   UCA0BR1
00000064   UCA0MCTL
00000065   UCA0STAT
00000066   UCA0RXBUF
00000067   UCA0TXBUF
00000068   UCB0CTL0
00000069   UCB0CTL1
0000006a   UCB0BR0
0000006b   UCB0BR1
0000006c   UCB0I2CIE
0000006d   UCB0STAT
0000006e   UCB0RXBUF
0000006f   UCB0TXBUF
00000118   UCB0I2COA
0000011a   UCB0I2CSA
0000011e   TA1IV
00000120   WDTCTL
00000128   FCTL1
0000012a   FCTL2
0000012c   FCTL3
0000012e   TA0IV
00000160   TA0CTL
00000162   TA0CCTL0
00000164   TA0CCTL1
00000166   TA0CCTL2
00000170   TA0R
00000172   TA0CCR0
00000174   TA0CCR1
00000176   TA0CCR2
00000180   TA1CTL
00000182   TA1CCTL0
00000184   TA1CCTL1
00000186   TA1CCTL2
00000190   TA1R
00000192   TA1CCR0
00000194   TA1CCR1
00000196   TA1CCR2
000001b0   ADC10CTL0
000001b2   ADC10CTL1
000001b4   ADC10MEM
000001bc   ADC10SA
00000200   switchBuff1
00000228   switchBuff2
00000250   switchBuff3
00000278   txData
0000027a   rxBuffer
0000027c   delayswnum
0000027e   i
00000280   ii
00000282   BlueData
00000284   switchh1
00000286   switchh2
00000288   switchh3
0000028a   oldswitch1
0000028c   oldswitch2
0000028e   oldswitch3
00000290   count
00000292   loopcount
00000294   resetcount
00000296   bit
00000298   checksum
0000029a   relayvalue
0000029c   relayswitchvalue
0000029e   switch3countoff
000002a0   switch3counton
000002a2   switch2countoff
000002a4   switch2counton
000002a6   switch1countoff
000002a8   switch1counton
000002aa   Bluenew
000002ac   led1value
000002ae   led2value
000002b0   one
000002b2   two
000003b0   _stack
00000400   __STACK_END
000010c0   TLV_CHECKSUM
000010da   TLV_ADC10_1_TAG
000010db   TLV_ADC10_1_LEN
000010f6   TLV_DCO_30_TAG
000010f7   TLV_DCO_30_LEN
0000c000   main
0000c37e   Port_2
0000c464   _auto_init
0000c4c2   Timer_A1_ISR
0000c51a   Timer_A0_ISR
0000c554   TimerA_UART_tx
0000c57c   _c_int00
0000c57c   _c_int00_noexit
0000c596   __TI_zero_init
0000c5aa   Timer1_A0
0000c5bc   TimerA_UART_print
0000c5ce   __TI_decompress_none
0000c5e0   memcpy
0000c5f2   __mspabi_func_epilog_7
0000c5f4   __mspabi_func_epilog_6
0000c5f6   __mspabi_func_epilog_5
0000c5f8   __mspabi_func_epilog_4
0000c5fa   __mspabi_func_epilog_3
0000c5fc   __mspabi_func_epilog_2
0000c5fe   __mspabi_func_epilog_1
0000c602   __TI_ISR_TRAP
0000c608   __TI_decompress_rle24
0000c60e   _system_pre_init
0000c612   C$$EXIT
0000c612   abort
0000c65a   __TI_Handler_Table_Base
0000c660   __TI_Handler_Table_Limit
0000c664   __TI_CINIT_Base
0000c66c   __TI_CINIT_Limit
0000ffe4   __TI_int02
0000ffe6   __TI_int03
0000ffea   __TI_int05
0000ffec   __TI_int06
0000ffee   __TI_int07
0000fff0   __TI_int08
0000fff2   __TI_int09
0000fff4   __TI_int10
0000fff6   __TI_int11
0000fff8   __TI_int12
0000fffa   __TI_int13
0000fffc   __TI_int14
0000fffe   _reset_vector
ffffffff   __binit__
ffffffff   __c_args__
ffffffff   binit
UNDEFED    __TI_INITARRAY_Base
UNDEFED    __TI_INITARRAY_Limit

[175 symbols]
